// Jest Snapshot v1, https://goo.gl/fbAQLP

exports[`UsersList renders a snapshot properly 1`] = `
<div>
  <h1
    className="title is-1"
  >
    All Users
  </h1>
  <hr />
  <br />
  <table
    className="table is-hoverable is-fullwidth"
  >
    <thead>
      <tr>
        <th>
          ID
        </th>
        <th>
          Username
        </th>
        <th>
          Email
        </th>
        <th>
          Active
        </th>
        <th>
          Admin
        </th>
      </tr>
    </thead>
    <tbody>
      <tr>
        <td>
          1
        </td>
        <td>
          gamal
        </td>
        <td>
          gamal@gamal.com
        </td>
        <td />
        <td />
      </tr>
      <tr>
        <td>
          2
        </td>
        <td>
          gimmy
        </td>
        <td>
          gimmy@mgimmy.com
        </td>
        <td />
        <td />
      </tr>
    </tbody>
  </table>
</div>
`;
